

processing file: _cfMeDIP-seq_Protocol_Pipeline_Classifiers.Rmd
1/15                       
2/15 [sidenote]            
3/15                       
4/15 [setup]               
5/15                       
6/15 [m2b-GlobalOptions]   
7/15                       
8/15 [m2b-Prelims]         
9/15                       
10/15 [m2b-utilityFns]      
11/15                       
12/15 [m2b-input-params-all]
13/15                       
14/15 [pipeline-flowchart]  
15/15                       
output file: _cfMeDIP-seq_Protocol_Pipeline_Classifiers.knit.md

/usr/local/bin/pandoc +RTS -K512m -RTS _cfMeDIP-seq_Protocol_Pipeline_Classifiers.knit.md --to html4 --from markdown+autolink_bare_uris+tex_math_single_backslash --output _cfMeDIP-seq_Protocol_Pipeline_Classifiers.html --lua-filter /Users/fcollin/Library/R/x86_64/4.4/library/rmarkdown/rmarkdown/lua/pagebreak.lua --lua-filter /Users/fcollin/Library/R/x86_64/4.4/library/rmarkdown/rmarkdown/lua/latex-div.lua --lua-filter /Users/fcollin/Library/R/x86_64/4.4/library/rmarkdown/rmarkdown/lua/table-classes.lua --embed-resources --standalone --variable bs3=TRUE --section-divs --template /Users/fcollin/Library/R/x86_64/4.4/library/rmarkdown/rmd/h/default.html --no-highlight --variable highlightjs=1 --include-before-body /var/folders/jk/d24lm6n944q5y650lph85m7w0000gp/T//Rtmp63EbRt/rmarkdown-str6faf27c2ea46.html --variable navbar=1 --variable theme=bootstrap --mathjax --variable 'mathjax-url=https://mathjax.rstudio.com/latest/MathJax.js?config=TeX-AMS-MML_HTMLorMML' --include-in-header /var/folders/jk/d24lm6n944q5y650lph85m7w0000gp/T//Rtmp63EbRt/rmarkdown-str6faf6da2ae0e.html 
[WARNING] This document format requires a nonempty <title> element.
  Defaulting to '_cfMeDIP-seq_Protocol_Pipeline_Classifiers.knit' as the title.
  To specify a title, use 'title' in metadata or --metadata title="...".

Output created: _cfMeDIP-seq_Protocol_Pipeline_Classifiers.html
