

processing file: _Wilson_2022_Figures_Captions.Rmd
1/25                    
2/25 [sidenote]         
3/25                    
4/25 [setup]            
5/25                    
6/25 [m2b-GlobalOptions]
7/25                    
8/25 [m2b-Prelims]      
9/25                    
10/25 [m2b-utilityFns]   
11/25                    
12/25 [get-abs]          
13/25                    
14/25 [get-fig-1]        
15/25                    
16/25 [get-fig-2]        
17/25                    
18/25 [get-fig-3]        
19/25                    
20/25 [get-fig-4]        
21/25                    
22/25 [get-fig-5]        
23/25                    
24/25 [get-fig-6]        
25/25                    
output file: _Wilson_2022_Figures_Captions.knit.md

/usr/local/bin/pandoc +RTS -K512m -RTS _Wilson_2022_Figures_Captions.knit.md --to html4 --from markdown+autolink_bare_uris+tex_math_single_backslash --output _Wilson_2022_Figures_Captions.html --lua-filter /Library/Frameworks/R.framework/Versions/4.4-x86_64/Resources/library/bookdown/rmarkdown/lua/custom-environment.lua --lua-filter /Users/fcollin/Library/R/x86_64/4.4/library/rmarkdown/rmarkdown/lua/pagebreak.lua --lua-filter /Users/fcollin/Library/R/x86_64/4.4/library/rmarkdown/rmarkdown/lua/latex-div.lua --lua-filter /Users/fcollin/Library/R/x86_64/4.4/library/rmarkdown/rmarkdown/lua/table-classes.lua --embed-resources --standalone --wrap preserve --variable bs3=TRUE --section-divs --table-of-contents --toc-depth 3 --template /Users/fcollin/Library/R/x86_64/4.4/library/rmarkdown/rmd/h/default.html --no-highlight --variable highlightjs=1 --number-sections --variable theme=bootstrap --mathjax --variable 'mathjax-url=https://mathjax.rstudio.com/latest/MathJax.js?config=TeX-AMS-MML_HTMLorMML' --include-in-header /var/folders/jk/d24lm6n944q5y650lph85m7w0000gp/T//RtmpyfoP84/rmarkdown-strdb027cb9e683.html --variable source_embed=_Wilson_2022_Figures_Captions.Rmd --include-after-body /var/folders/jk/d24lm6n944q5y650lph85m7w0000gp/T//RtmpyfoP84/filedb0210cce26e.html --variable code_menu=1 --citeproc 

Output created: _Wilson_2022_Figures_Captions.html
