

processing file: index.Rmd
1/13                      
2/13 [setup]              
3/13                      
4/13 [infex-GlobalOptions]
5/13                      
6/13 [index-Prelims]      
7/13                      
8/13 [unnamed-chunk-1]    


processing file: ./_index_AI.Rmd
1/1
9/13                      
10/13 [unnamed-chunk-2]    


processing file: ./_index.Rmd
1/1
11/13                      
12/13 [unnamed-chunk-3]    
output file: index.knit.md

/usr/local/bin/pandoc +RTS -K512m -RTS index.knit.md --to html4 --from markdown+autolink_bare_uris+tex_math_single_backslash --output index.html --lua-filter /Users/fcollin/Library/R/x86_64/4.4/library/rmarkdown/rmarkdown/lua/pagebreak.lua --lua-filter /Users/fcollin/Library/R/x86_64/4.4/library/rmarkdown/rmarkdown/lua/latex-div.lua --lua-filter /Users/fcollin/Library/R/x86_64/4.4/library/rmarkdown/rmarkdown/lua/table-classes.lua --embed-resources --standalone --variable bs3=TRUE --section-divs --table-of-contents --toc-depth 2 --template /Users/fcollin/Library/R/x86_64/4.4/library/rmarkdown/rmd/h/default.html --no-highlight --variable highlightjs=1 --number-sections --include-before-body /var/folders/jk/d24lm6n944q5y650lph85m7w0000gp/T//Rtmpc90AsR/rmarkdown-str7e5e34c9250f.html --variable navbar=1 --variable theme=bootstrap --mathjax --variable 'mathjax-url=https://mathjax.rstudio.com/latest/MathJax.js?config=TeX-AMS-MML_HTMLorMML' --include-in-header /var/folders/jk/d24lm6n944q5y650lph85m7w0000gp/T//Rtmpc90AsR/rmarkdown-str7e5e1a016dc.html --variable code_folding=hide --variable source_embed=index.Rmd --include-after-body /var/folders/jk/d24lm6n944q5y650lph85m7w0000gp/T//Rtmpc90AsR/file7e5e353cc659.html --variable code_menu=1 --citeproc 

Output created: index.html
